
==========================================
      SQA Baller Squad Auction House
==========================================

Please Type login, create or exit!
Enter Command: 
=========================================================
                        LOGIN
=========================================================

Username: 
Password: 
Welcome HECKINGCOOLMAN! Glad to see you are back :)
Your user Type is BS.

Enter Command: 
=========================================================
                        CHANGE PASSWORD
=========================================================

Enter new password: 
Confirm password: 
Your password must not be longer than 12 characters and greater than 0
Enter Command: 
==========================================
      SQA Baller Squad Auction House
==========================================

Please Type login, create or exit!
Enter Command: 

