
==========================================
      SQA Baller Squad Auction House
==========================================

Please Type login, create or exit!
Enter Command: 
=========================================================
                        LOGIN
=========================================================

Username: 
Password: 
Welcome ADMINBOY! Glad to see you are back :)
Your user Type is AA.

Enter Command: 
=========================================================
                        DELETE
=========================================================

Enter username: 
Are you sure you want to delete user test123?
(Yes/No): 
---------------------------------------------------------
                  Invalid Confirmation.
=========================================================

Enter Command: 
==========================================
      SQA Baller Squad Auction House
==========================================

Please Type login, create or exit!
Enter Command: 

