
==========================================
      SQA Baller Squad Auction House
==========================================

Please Type login, create or exit!
Enter Command: 
=========================================================
                        LOGIN
=========================================================

Username: 
Password: 
Welcome MR.RUNESCAPEMAN! Glad to see you are back :)
Your user Type is FS.

Enter Command: MR.RUNESCAPEMAN

0. DRAGON SCIMITAR     DRAGON SCIMITAR      PAULKERRIGAN44  100  010.99
Enter Command: 
==========================================
      SQA Baller Squad Auction House
==========================================

Please Type login, create or exit!
Enter Command: 

