
==========================================
      SQA Baller Squad Auction House
==========================================

Please Type login, create or exit!
Enter Command: 
=========================================================
                        LOGIN
=========================================================

Username: 
Password: 
Welcome SELLINGBOY! Glad to see you are back :)
Your user Type is SS.

Enter Command: 
You have no items in auction.
Enter Command: 
==========================================
      SQA Baller Squad Auction House
==========================================

Please Type login, create or exit!
Enter Command: 

