
==========================================
      SQA Baller Squad Auction House
==========================================

Please Type login, create or exit!
Enter Command: 
=========================================================
                        LOGIN
=========================================================

Username: 
Password: 
Welcome test! Glad to see you are back :)
Your user Type is FS.

Enter Command: 
=========================================================
                        CHANGE PASSWORD
=========================================================

Enter new password: 
Confirm password: 
Success
Enter Command: 
==========================================
      SQA Baller Squad Auction House
==========================================

Please Type login, create or exit!
Enter Command: 

