
==========================================
      SQA Baller Squad Auction House
==========================================

Please Type login, create or exit!
Enter Command: 
=========================================================
                        LOGIN
=========================================================

Username: 
Password: 
Welcome ADMINBOY! Glad to see you are back :)
Your user Type is AA.

Enter Command: 
=========================================================
                        UPDATE
=========================================================
Would you like to enable or disable a user?: 
Which user would you like to enable?: 
What user type will this user be: FS BS SS?
User Type: Yes
Invalid Option, Please try enabling this user again!

Enter Command: 
==========================================
      SQA Baller Squad Auction House
==========================================

Please Type login, create or exit!
Enter Command: 

