
==========================================
      SQA Baller Squad Auction House
==========================================

Please Type login, create or exit!
Enter Command: 
=========================================================
                        LOGIN
=========================================================

Username: 
Password: 
Welcome MR.RUNESCAPEMAN! Glad to see you are back :)
Your user Type is FS.

Enter Command: 
=========================================================
                        ADVERTISE
=========================================================

Item name: 
---------------------------------------------------------
Item name must be 19 characters or less.
=========================================================

Enter Command: 
==========================================
      SQA Baller Squad Auction House
==========================================

Please Type login, create or exit!
Enter Command: 

