
==========================================
      SQA Baller Squad Auction House
==========================================

Please Type login, create or exit!
Enter Command: 
=========================================================
                        LOGIN
=========================================================

Username: 
Password: 
Welcome MR.RUNESCAPEMAN! Glad to see you are back :)
Your user Type is FS.

Enter Command: 
=========================================================
                        ADVERTISE
=========================================================

Item name: 
Minimum bid: $
---------------------------------------------------------
            A bid must be numeric and can only
         be between $0.01 and $999.99 inclusively.
=========================================================

Enter Command: 
==========================================
      SQA Baller Squad Auction House
==========================================

Please Type login, create or exit!
Enter Command: 

