
==========================================
      SQA Baller Squad Auction House
==========================================

Please Type login, create or exit!
Enter Command: 
=========================================================
                        LOGIN
=========================================================

Username: 
Password: 
Welcome MR.RUNESCAPEMAN! Glad to see you are back :)
Your user Type is FS.

Enter Command: 
=========================================================
                        ADVERTISE
=========================================================

Item name: 
Minimum bid: $
Number of days to auction: 
---------------------------------------------------------
       You can only auction an item up to 100 days.
=========================================================

Enter Command: 
==========================================
      SQA Baller Squad Auction House
==========================================

Please Type login, create or exit!
Enter Command: 

