
==========================================
      SQA Baller Squad Auction House
==========================================

Please Type login, create or exit!
Enter Command: 
=========================================================
                        LOGIN
=========================================================

Username: 
Password: 
User is disabled
==========================================
      SQA Baller Squad Auction House
==========================================

Please Type login, create or exit!
Enter Command: 
You must login before you can access our system

==========================================
      SQA Baller Squad Auction House
==========================================

Please Type login, create or exit!
Enter Command: 

