
==========================================
      SQA Baller Squad Auction House
==========================================

Please Type login, create or exit!
Enter Command: 
=========================================================
                        LOGIN
=========================================================

Username: 
Password: 
Welcome MR.RUNESCAPEMAN! Glad to see you are back :)
Your user Type is FS.

Enter Command: 
=========================================================
                        ADVERTISE
=========================================================

Item name: 
Minimum bid: $
---------------------------------------------------------
           Maximum bid must be $999.99 or less.
=========================================================

Enter Command: 
Enter Command: 
==========================================
      SQA Baller Squad Auction House
==========================================

Please Type login, create or exit!
Enter Command: 

