
==========================================
      SQA Baller Squad Auction House
==========================================

Please Type login, create or exit!
Enter Command: 
=========================================================
                        LOGIN
=========================================================

Username: 
Password: 
Welcome ADMINBOY! Glad to see you are back :)
Your user Type is AA.

Enter Command: 
==========================================
      SQA Baller Squad Auction House
==========================================

Please Type login, create or exit!
Enter Command: 

